// Jest Snapshot v1, https://goo.gl/fbAQLP

exports[`tests not Authenticated test GET /route/new GET /newLabel 1`] = `""`;

exports[`tests not Authenticated test GET /route/new GET /newStatus 1`] = `""`;

exports[`tests not Authenticated test GET /route/new GET /newTask 1`] = `""`;

exports[`tests not Authenticated test GET /route/new GET /newUser 1`] = `"<!DOCTYPE html><html lang=\\"en\\"><head><title>Hexlet Fastify Boilerplate</title><script src=\\"/assets/main.js\\"></script><link href=\\"/assets/main.css\\" rel=\\"stylesheet\\"><meta name=\\"viewport\\" content=\\"width=device-width, initial-scale=1, shrink-to-fit=no\\"></head><body class=\\"d-flex flex-column min-vh-100\\"><nav class=\\"navbar navbar-expand-lg navbar-light bg-light mb-3\\"><div class=\\"container-fluid\\"><a class=\\"navbar-brand\\" href=\\"/\\">Менеджер задач</a><button class=\\"navbar-toggler\\" data-bs-toggle=\\"collapse\\" data-bs-target=\\"#navbarToggleExternalContent\\"><span class=\\"navbar-toggler-icon\\"></span></button><div class=\\"collapse navbar-collapse\\" id=\\"navbarToggleExternalContent\\"><div class=\\"container-fluid\\"><ul class=\\"navbar-nav mr-auto\\"><li class=\\"nav-item\\"><a class=\\"nav-link\\" href=\\"/users\\">Пользователи</a></li></ul></div><ul class=\\"navbar-nav\\"><li class=\\"nav-item\\"><a class=\\"nav-link\\" href=\\"/session/new\\">Вход</a></li><li class=\\"nav-item\\"><a class=\\"nav-link\\" href=\\"/users/new\\">Регистрация</a></li></ul></div></div></nav><div class=\\"container wrapper flex-grow-1\\"><h1 class=\\"my-4\\">Регистрация</h1><form action=\\"/users\\" method=\\"post\\"><div class=\\"mb-3\\"><label for=\\"data_firstName\\">Имя</label><input class=\\"form-control\\" id=\\"data_firstName\\" name=\\"data[firstName]\\" value=\\"\\" type=\\"text\\"/></div><div class=\\"mb-3\\"><label for=\\"data_lastName\\">Фамилия</label><input class=\\"form-control\\" id=\\"data_lastName\\" name=\\"data[lastName]\\" value=\\"\\" type=\\"text\\"/></div><div class=\\"mb-3\\"><label for=\\"data_email\\">Email</label><input class=\\"form-control\\" id=\\"data_email\\" name=\\"data[email]\\" value=\\"\\" type=\\"text\\"/></div><div class=\\"mb-3\\"><label for=\\"data_password\\">Пароль</label><input class=\\"form-control\\" id=\\"data_password\\" name=\\"data[password]\\" value=\\"\\" type=\\"password\\"/></div><input class=\\"btn btn-primary\\" type=\\"submit\\" value=\\"Сохранить\\"/></form></div><footer><div class=\\"container my-5 pt-4 border-top\\"><a target=\\"_blank\\" href=\\"https://ru.hexlet.io\\">Hexlet</a></div></footer></body></html>"`;
